<?xml version="1.0" encoding="UTF-8"?>
<TestRun id="4283c9b2-7ebd-4c3a-9c61-d615c1b5f69d" name="Administrator@QO5P9AA3YLGC5OR 2013-11-10 09:25:31" runUser="QO5P9AA3YLGC5OR\Administrator" xmlns="http://microsoft.com/schemas/VisualStudio/TeamTest/2010">
  <TestSettings name="本地" id="a5544eb8-3911-41ab-bc85-489b668152d2">
    <Description>这些设置为本地测试运行的默认测试设置。</Description>
    <Deployment enabled="false" runDeploymentRoot="Administrator_QO5P9AA3YLGC5OR 2013-11-10 09_25_31">
      <DeploymentItem filename="H:\QQSDK1.3\QQMessage\bin\Release\QQMessage.dll" />
      <DeploymentItem filename="H:\QQSDK1.3\QQServer\bin\Release\QQServer.exe" />
    </Deployment>
    <Execution>
      <TestTypeSpecific />
      <AgentRule name="Execution Agents">
      </AgentRule>
    </Execution>
  </TestSettings>
  <Times creation="2013-11-10T09:25:31.8720000+08:00" queuing="2013-11-10T09:25:40.5550000+08:00" start="2013-11-10T09:25:41.0320000+08:00" finish="2013-11-10T09:25:44.3390000+08:00" />
  <ResultSummary outcome="Failed">
    <Counters total="1" executed="1" error="0" failed="1" timeout="0" aborted="0" inconclusive="0" passedButRunAborted="0" notRunnable="0" notExecuted="0" disconnected="0" warning="0" passed="0" completed="0" inProgress="0" pending="0" />
  </ResultSummary>
  <TestDefinitions>
    <UnitTest name="CreateUserTest" storage="h:\qqsdk1.3\testqqserver\bin\release\testqqserver.dll" id="8cbf22b4-8ac0-ab2d-1c04-b48674e1530e">
      <Execution id="dece569d-977c-4257-a9b2-681bcf29aa2b" />
      <TestMethod codeBase="H:\QQSDK1.3\TestQQServer\bin\Release\TestQQServer.dll" adapterTypeName="Microsoft.VisualStudio.TestTools.TestTypes.Unit.UnitTestAdapter, Microsoft.VisualStudio.QualityTools.Tips.UnitTest.Adapter, Version=10.0.0.0, Culture=neutral, PublicKeyToken=b03f5f7f11d50a3a" className="TestQQServer.UserMangerTest, TestQQServer" name="CreateUserTest" />
    </UnitTest>
  </TestDefinitions>
  <TestLists>
    <TestList name="列表中未列出的结果" id="8c84fa94-04c1-424b-9868-57a2d4851a1d" />
    <TestList name="所有已加载的结果" id="19431567-8539-422a-85d7-44ee4e166bda" />
  </TestLists>
  <TestEntries>
    <TestEntry testId="8cbf22b4-8ac0-ab2d-1c04-b48674e1530e" executionId="dece569d-977c-4257-a9b2-681bcf29aa2b" testListId="8c84fa94-04c1-424b-9868-57a2d4851a1d" />
  </TestEntries>
  <Results>
    <UnitTestResult executionId="dece569d-977c-4257-a9b2-681bcf29aa2b" testId="8cbf22b4-8ac0-ab2d-1c04-b48674e1530e" testName="CreateUserTest" computerName="QO5P9AA3YLGC5OR" duration="00:00:00.2577463" startTime="2013-11-10T09:25:41.7190000+08:00" endTime="2013-11-10T09:25:44.1870000+08:00" testType="13cdc9d9-ddb5-4fa4-a97d-d965ccfc6d4b" outcome="Failed" testListId="8c84fa94-04c1-424b-9868-57a2d4851a1d" relativeResultsDirectory="dece569d-977c-4257-a9b2-681bcf29aa2b">
      <Output>
        <ErrorInfo>
          <Message>测试方法 TestQQServer.UserMangerTest.CreateUserTest 引发了异常: 
System.NullReferenceException: 未将对象引用设置到对象的实例。</Message>
          <StackTrace>    在 QQServer.UserManger.Login(User user) 位置 H:\QQSDK1.3\QQServer\UserManger.cs:行号 227
   在 TestQQServer.UserMangerTest.CreateUserTest() 位置 H:\QQSDK1.3\TestQQServer\UserMangerTest.cs:行号 129
</StackTrace>
        </ErrorInfo>
      </Output>
    </UnitTestResult>
  </Results>
</TestRun>