<?xml version="1.0" encoding="UTF-8"?>
<TestRun id="2936cc44-ac57-4a95-8488-3c65ef5ccd26" name="Administrator@NU1NB2RSNIYL0VA 2013-10-24 14:50:18" runUser="NU1NB2RSNIYL0VA\Administrator" xmlns="http://microsoft.com/schemas/VisualStudio/TeamTest/2010">
  <TestSettings name="本地" id="32b136b7-6e41-488e-8fd0-005393bbd4f8">
    <Description>这些设置为本地测试运行的默认测试设置。</Description>
    <Deployment enabled="false" runDeploymentRoot="Administrator_NU1NB2RSNIYL0VA 2013-10-24 14_50_18">
      <DeploymentItem filename="D:\Documents\Visual Studio 2010\Projects\Owner\Extension\Extension\bin\Debug\CRCLibrary.dll" />
    </Deployment>
    <Execution>
      <TestTypeSpecific />
      <AgentRule name="Execution Agents">
      </AgentRule>
    </Execution>
  </TestSettings>
  <Times creation="2013-10-24T14:50:18.9832251+08:00" queuing="2013-10-24T14:50:19.0292277+08:00" start="2013-10-24T14:50:19.0342280+08:00" finish="2013-10-24T14:50:19.1932371+08:00" />
  <ResultSummary outcome="Completed">
    <Counters total="6" executed="6" passed="6" error="0" failed="0" timeout="0" aborted="0" inconclusive="0" passedButRunAborted="0" notRunnable="0" notExecuted="0" disconnected="0" warning="0" completed="0" inProgress="0" pending="0" />
  </ResultSummary>
  <TestDefinitions>
    <UnitTest name="InvokeIfNeededTest2" storage="d:\documents\visual studio 2010\projects\owner\extension\testcrclibrary\bin\debug\testcrclibrary.dll" id="125c65d5-dc65-e511-f6f8-d90e7a54cbce">
      <Execution id="060e6619-9124-40e5-9e10-6b10c4bc49a9" />
      <TestMethod codeBase="D:/Documents/Visual Studio 2010/Projects/Owner/Extension/TestCRCLibrary/bin/Debug/TestCRCLibrary.DLL" adapterTypeName="Microsoft.VisualStudio.TestTools.TestTypes.Unit.UnitTestAdapter, Microsoft.VisualStudio.QualityTools.Tips.UnitTest.Adapter, Version=10.0.0.0, Culture=neutral, PublicKeyToken=b03f5f7f11d50a3a" className="TestCRCLibrary.InvokeExtensionTest, TestCRCLibrary, Version=1.0.0.0, Culture=neutral, PublicKeyToken=null" name="InvokeIfNeededTest2" />
    </UnitTest>
    <UnitTest name="InvokeIfNeededTest" storage="d:\documents\visual studio 2010\projects\owner\extension\testcrclibrary\bin\debug\testcrclibrary.dll" id="4db46510-3fb8-dd54-7592-7a984db69c5a">
      <Execution id="afea9979-b23c-40bf-845b-bc140154a7f6" />
      <TestMethod codeBase="D:/Documents/Visual Studio 2010/Projects/Owner/Extension/TestCRCLibrary/bin/Debug/TestCRCLibrary.DLL" adapterTypeName="Microsoft.VisualStudio.TestTools.TestTypes.Unit.UnitTestAdapter, Microsoft.VisualStudio.QualityTools.Tips.UnitTest.Adapter, Version=10.0.0.0, Culture=neutral, PublicKeyToken=b03f5f7f11d50a3a" className="TestCRCLibrary.InvokeExtensionTest, TestCRCLibrary, Version=1.0.0.0, Culture=neutral, PublicKeyToken=null" name="InvokeIfNeededTest" />
    </UnitTest>
    <UnitTest name="QueueInvokeTest" storage="d:\documents\visual studio 2010\projects\owner\extension\testcrclibrary\bin\debug\testcrclibrary.dll" id="55d3d927-b52b-031a-5932-fbc2845b3f5c">
      <Execution id="93d6b612-3c6f-492b-bc96-75c76f99bed7" />
      <TestMethod codeBase="D:/Documents/Visual Studio 2010/Projects/Owner/Extension/TestCRCLibrary/bin/Debug/TestCRCLibrary.DLL" adapterTypeName="Microsoft.VisualStudio.TestTools.TestTypes.Unit.UnitTestAdapter, Microsoft.VisualStudio.QualityTools.Tips.UnitTest.Adapter, Version=10.0.0.0, Culture=neutral, PublicKeyToken=b03f5f7f11d50a3a" className="TestCRCLibrary.InvokeExtensionTest, TestCRCLibrary, Version=1.0.0.0, Culture=neutral, PublicKeyToken=null" name="QueueInvokeTest" />
    </UnitTest>
    <UnitTest name="QueueInvokeTest1" storage="d:\documents\visual studio 2010\projects\owner\extension\testcrclibrary\bin\debug\testcrclibrary.dll" id="4b4e61b3-635f-c9db-0d57-8ab0317c2763">
      <Execution id="b134d948-f4ed-414b-be51-1d370cf27cfa" />
      <TestMethod codeBase="D:/Documents/Visual Studio 2010/Projects/Owner/Extension/TestCRCLibrary/bin/Debug/TestCRCLibrary.DLL" adapterTypeName="Microsoft.VisualStudio.TestTools.TestTypes.Unit.UnitTestAdapter, Microsoft.VisualStudio.QualityTools.Tips.UnitTest.Adapter, Version=10.0.0.0, Culture=neutral, PublicKeyToken=b03f5f7f11d50a3a" className="TestCRCLibrary.InvokeExtensionTest, TestCRCLibrary, Version=1.0.0.0, Culture=neutral, PublicKeyToken=null" name="QueueInvokeTest1" />
    </UnitTest>
    <UnitTest name="QueueInvokeTest2" storage="d:\documents\visual studio 2010\projects\owner\extension\testcrclibrary\bin\debug\testcrclibrary.dll" id="e0a66f2a-5d66-e71d-92d0-aa09bfde9293">
      <Execution id="75ad12a7-1933-4f8f-b528-bfdf00cc0598" />
      <TestMethod codeBase="D:/Documents/Visual Studio 2010/Projects/Owner/Extension/TestCRCLibrary/bin/Debug/TestCRCLibrary.DLL" adapterTypeName="Microsoft.VisualStudio.TestTools.TestTypes.Unit.UnitTestAdapter, Microsoft.VisualStudio.QualityTools.Tips.UnitTest.Adapter, Version=10.0.0.0, Culture=neutral, PublicKeyToken=b03f5f7f11d50a3a" className="TestCRCLibrary.InvokeExtensionTest, TestCRCLibrary, Version=1.0.0.0, Culture=neutral, PublicKeyToken=null" name="QueueInvokeTest2" />
    </UnitTest>
    <UnitTest name="InvokeIfNeededTest1" storage="d:\documents\visual studio 2010\projects\owner\extension\testcrclibrary\bin\debug\testcrclibrary.dll" id="7068c1e4-d70b-99b8-19a8-bd53b7c4cd67">
      <Execution id="df64d194-b471-4f4f-b63a-b81dea36cf96" />
      <TestMethod codeBase="D:/Documents/Visual Studio 2010/Projects/Owner/Extension/TestCRCLibrary/bin/Debug/TestCRCLibrary.DLL" adapterTypeName="Microsoft.VisualStudio.TestTools.TestTypes.Unit.UnitTestAdapter, Microsoft.VisualStudio.QualityTools.Tips.UnitTest.Adapter, Version=10.0.0.0, Culture=neutral, PublicKeyToken=b03f5f7f11d50a3a" className="TestCRCLibrary.InvokeExtensionTest, TestCRCLibrary, Version=1.0.0.0, Culture=neutral, PublicKeyToken=null" name="InvokeIfNeededTest1" />
    </UnitTest>
  </TestDefinitions>
  <TestLists>
    <TestList name="列表中未列出的结果" id="8c84fa94-04c1-424b-9868-57a2d4851a1d" />
    <TestList name="所有已加载的结果" id="19431567-8539-422a-85d7-44ee4e166bda" />
  </TestLists>
  <TestEntries>
    <TestEntry testId="125c65d5-dc65-e511-f6f8-d90e7a54cbce" executionId="060e6619-9124-40e5-9e10-6b10c4bc49a9" testListId="8c84fa94-04c1-424b-9868-57a2d4851a1d" />
    <TestEntry testId="4b4e61b3-635f-c9db-0d57-8ab0317c2763" executionId="b134d948-f4ed-414b-be51-1d370cf27cfa" testListId="8c84fa94-04c1-424b-9868-57a2d4851a1d" />
    <TestEntry testId="4db46510-3fb8-dd54-7592-7a984db69c5a" executionId="afea9979-b23c-40bf-845b-bc140154a7f6" testListId="8c84fa94-04c1-424b-9868-57a2d4851a1d" />
    <TestEntry testId="55d3d927-b52b-031a-5932-fbc2845b3f5c" executionId="93d6b612-3c6f-492b-bc96-75c76f99bed7" testListId="8c84fa94-04c1-424b-9868-57a2d4851a1d" />
    <TestEntry testId="7068c1e4-d70b-99b8-19a8-bd53b7c4cd67" executionId="df64d194-b471-4f4f-b63a-b81dea36cf96" testListId="8c84fa94-04c1-424b-9868-57a2d4851a1d" />
    <TestEntry testId="e0a66f2a-5d66-e71d-92d0-aa09bfde9293" executionId="75ad12a7-1933-4f8f-b528-bfdf00cc0598" testListId="8c84fa94-04c1-424b-9868-57a2d4851a1d" />
  </TestEntries>
  <Results>
    <UnitTestResult executionId="060e6619-9124-40e5-9e10-6b10c4bc49a9" testId="125c65d5-dc65-e511-f6f8-d90e7a54cbce" testName="InvokeIfNeededTest2" computerName="NU1NB2RSNIYL0VA" duration="00:00:00.0116672" startTime="2013-10-24T14:50:19.0352281+08:00" endTime="2013-10-24T14:50:19.1722359+08:00" testType="13cdc9d9-ddb5-4fa4-a97d-d965ccfc6d4b" outcome="Passed" testListId="8c84fa94-04c1-424b-9868-57a2d4851a1d" relativeResultsDirectory="060e6619-9124-40e5-9e10-6b10c4bc49a9">
    </UnitTestResult>
    <UnitTestResult executionId="b134d948-f4ed-414b-be51-1d370cf27cfa" testId="4b4e61b3-635f-c9db-0d57-8ab0317c2763" testName="QueueInvokeTest1" computerName="NU1NB2RSNIYL0VA" duration="00:00:00.0001773" startTime="2013-10-24T14:50:19.1732360+08:00" endTime="2013-10-24T14:50:19.1752361+08:00" testType="13cdc9d9-ddb5-4fa4-a97d-d965ccfc6d4b" outcome="Passed" testListId="8c84fa94-04c1-424b-9868-57a2d4851a1d" relativeResultsDirectory="b134d948-f4ed-414b-be51-1d370cf27cfa">
    </UnitTestResult>
    <UnitTestResult executionId="afea9979-b23c-40bf-845b-bc140154a7f6" testId="4db46510-3fb8-dd54-7592-7a984db69c5a" testName="InvokeIfNeededTest" computerName="NU1NB2RSNIYL0VA" duration="00:00:00.0012315" startTime="2013-10-24T14:50:19.1752361+08:00" endTime="2013-10-24T14:50:19.1782362+08:00" testType="13cdc9d9-ddb5-4fa4-a97d-d965ccfc6d4b" outcome="Passed" testListId="8c84fa94-04c1-424b-9868-57a2d4851a1d" relativeResultsDirectory="afea9979-b23c-40bf-845b-bc140154a7f6">
    </UnitTestResult>
    <UnitTestResult executionId="93d6b612-3c6f-492b-bc96-75c76f99bed7" testId="55d3d927-b52b-031a-5932-fbc2845b3f5c" testName="QueueInvokeTest" computerName="NU1NB2RSNIYL0VA" duration="00:00:00.0000747" startTime="2013-10-24T14:50:19.1782362+08:00" endTime="2013-10-24T14:50:19.1802364+08:00" testType="13cdc9d9-ddb5-4fa4-a97d-d965ccfc6d4b" outcome="Passed" testListId="8c84fa94-04c1-424b-9868-57a2d4851a1d" relativeResultsDirectory="93d6b612-3c6f-492b-bc96-75c76f99bed7">
    </UnitTestResult>
    <UnitTestResult executionId="df64d194-b471-4f4f-b63a-b81dea36cf96" testId="7068c1e4-d70b-99b8-19a8-bd53b7c4cd67" testName="InvokeIfNeededTest1" computerName="NU1NB2RSNIYL0VA" duration="00:00:00.0007055" startTime="2013-10-24T14:50:19.1812364+08:00" endTime="2013-10-24T14:50:19.1832365+08:00" testType="13cdc9d9-ddb5-4fa4-a97d-d965ccfc6d4b" outcome="Passed" testListId="8c84fa94-04c1-424b-9868-57a2d4851a1d" relativeResultsDirectory="df64d194-b471-4f4f-b63a-b81dea36cf96">
    </UnitTestResult>
    <UnitTestResult executionId="75ad12a7-1933-4f8f-b528-bfdf00cc0598" testId="e0a66f2a-5d66-e71d-92d0-aa09bfde9293" testName="QueueInvokeTest2" computerName="NU1NB2RSNIYL0VA" duration="00:00:00.0001388" startTime="2013-10-24T14:50:19.1832365+08:00" endTime="2013-10-24T14:50:19.1862367+08:00" testType="13cdc9d9-ddb5-4fa4-a97d-d965ccfc6d4b" outcome="Passed" testListId="8c84fa94-04c1-424b-9868-57a2d4851a1d" relativeResultsDirectory="75ad12a7-1933-4f8f-b528-bfdf00cc0598">
    </UnitTestResult>
  </Results>
</TestRun>