<?xml version="1.0" encoding="UTF-8"?>
<TestRun id="4aa24aa5-9733-4d0a-91a9-c58000550fe2" name="Administrator@NU1NB2RSNIYL0VA 2013-11-21 15:09:43" runUser="NU1NB2RSNIYL0VA\Administrator" xmlns="http://microsoft.com/schemas/VisualStudio/TeamTest/2010">
  <TestSettings name="本地" id="32b136b7-6e41-488e-8fd0-005393bbd4f8">
    <Description>这些设置为本地测试运行的默认测试设置。</Description>
    <Deployment enabled="false" runDeploymentRoot="Administrator_NU1NB2RSNIYL0VA 2013-11-21 15_09_43">
      <DeploymentItem filename="D:\Documents\GitHub\Library\Extension\bin\Debug\CRCLibrary.dll" />
    </Deployment>
    <Execution>
      <TestTypeSpecific />
      <AgentRule name="Execution Agents">
      </AgentRule>
    </Execution>
  </TestSettings>
  <Times creation="2013-11-21T15:09:43.1737703+08:00" queuing="2013-11-21T15:09:43.3377797+08:00" start="2013-11-21T15:09:43.3587809+08:00" finish="2013-11-21T15:09:43.6327965+08:00" />
  <ResultSummary outcome="Failed">
    <Counters total="19" executed="19" passed="18" error="0" failed="1" timeout="0" aborted="0" inconclusive="0" passedButRunAborted="0" notRunnable="0" notExecuted="0" disconnected="0" warning="0" completed="0" inProgress="0" pending="0" />
  </ResultSummary>
  <TestDefinitions>
    <UnitTest name="GetEnumeratorOneTest" storage="d:\documents\github\library\testcrclibrary\bin\debug\testcrclibrary.dll" id="3a310c4f-f79c-b2c6-77f5-19ee42eb9a46">
      <Execution id="8ac78e55-b850-4b20-8e42-2b204267b899" />
      <TestMethod codeBase="D:/Documents/GitHub/Library/TestCRCLibrary/bin/Debug/TestCRCLibrary.DLL" adapterTypeName="Microsoft.VisualStudio.TestTools.TestTypes.Unit.UnitTestAdapter, Microsoft.VisualStudio.QualityTools.Tips.UnitTest.Adapter, Version=10.0.0.0, Culture=neutral, PublicKeyToken=b03f5f7f11d50a3a" className="TestCRCLibrary.DoubleKeyDictionaryTest, TestCRCLibrary, Version=1.0.0.0, Culture=neutral, PublicKeyToken=null" name="GetEnumeratorOneTest" />
    </UnitTest>
    <UnitTest name="AddTest" storage="d:\documents\github\library\testcrclibrary\bin\debug\testcrclibrary.dll" id="4e487412-a84f-5407-14fb-b97267209e13">
      <Execution id="27f34f9d-3f0a-4f4d-a63d-f1cacf92bb0a" />
      <TestMethod codeBase="D:/Documents/GitHub/Library/TestCRCLibrary/bin/Debug/TestCRCLibrary.DLL" adapterTypeName="Microsoft.VisualStudio.TestTools.TestTypes.Unit.UnitTestAdapter, Microsoft.VisualStudio.QualityTools.Tips.UnitTest.Adapter, Version=10.0.0.0, Culture=neutral, PublicKeyToken=b03f5f7f11d50a3a" className="TestCRCLibrary.DoubleKeyDictionaryTest, TestCRCLibrary, Version=1.0.0.0, Culture=neutral, PublicKeyToken=null" name="AddTest" />
    </UnitTest>
    <UnitTest name="SetOneValueTest" storage="d:\documents\github\library\testcrclibrary\bin\debug\testcrclibrary.dll" id="2b4ef174-c462-097c-6a3e-1aa16ce8aa1f">
      <Execution id="3412b209-766d-4605-ba7c-36930d384aa2" />
      <TestMethod codeBase="D:/Documents/GitHub/Library/TestCRCLibrary/bin/Debug/TestCRCLibrary.DLL" adapterTypeName="Microsoft.VisualStudio.TestTools.TestTypes.Unit.UnitTestAdapter, Microsoft.VisualStudio.QualityTools.Tips.UnitTest.Adapter, Version=10.0.0.0, Culture=neutral, PublicKeyToken=b03f5f7f11d50a3a" className="TestCRCLibrary.DoubleKeyDictionaryTest, TestCRCLibrary, Version=1.0.0.0, Culture=neutral, PublicKeyToken=null" name="SetOneValueTest" />
    </UnitTest>
    <UnitTest name="KeysOneTest" storage="d:\documents\github\library\testcrclibrary\bin\debug\testcrclibrary.dll" id="91e03d4a-dcf5-2ebb-028c-a5f44700fe4c">
      <Execution id="2c59d266-c67f-448d-8dea-4eb2b2d94c11" />
      <TestMethod codeBase="D:/Documents/GitHub/Library/TestCRCLibrary/bin/Debug/TestCRCLibrary.DLL" adapterTypeName="Microsoft.VisualStudio.TestTools.TestTypes.Unit.UnitTestAdapter, Microsoft.VisualStudio.QualityTools.Tips.UnitTest.Adapter, Version=10.0.0.0, Culture=neutral, PublicKeyToken=b03f5f7f11d50a3a" className="TestCRCLibrary.DoubleKeyDictionaryTest, TestCRCLibrary, Version=1.0.0.0, Culture=neutral, PublicKeyToken=null" name="KeysOneTest" />
    </UnitTest>
    <UnitTest name="ClearTest" storage="d:\documents\github\library\testcrclibrary\bin\debug\testcrclibrary.dll" id="5eb80387-92b2-640e-e81d-00d44d8d438c">
      <Execution id="3889977a-c412-4c1c-9f37-194786d53713" />
      <TestMethod codeBase="D:/Documents/GitHub/Library/TestCRCLibrary/bin/Debug/TestCRCLibrary.DLL" adapterTypeName="Microsoft.VisualStudio.TestTools.TestTypes.Unit.UnitTestAdapter, Microsoft.VisualStudio.QualityTools.Tips.UnitTest.Adapter, Version=10.0.0.0, Culture=neutral, PublicKeyToken=b03f5f7f11d50a3a" className="TestCRCLibrary.DoubleKeyDictionaryTest, TestCRCLibrary, Version=1.0.0.0, Culture=neutral, PublicKeyToken=null" name="ClearTest" />
    </UnitTest>
    <UnitTest name="GetTwoValueTest" storage="d:\documents\github\library\testcrclibrary\bin\debug\testcrclibrary.dll" id="c0f12b05-9fcc-a16b-8cc9-7357b1f8ed6a">
      <Execution id="47c362ac-ed6f-4e3e-a49c-adf0dc2e31ae" />
      <TestMethod codeBase="D:/Documents/GitHub/Library/TestCRCLibrary/bin/Debug/TestCRCLibrary.DLL" adapterTypeName="Microsoft.VisualStudio.TestTools.TestTypes.Unit.UnitTestAdapter, Microsoft.VisualStudio.QualityTools.Tips.UnitTest.Adapter, Version=10.0.0.0, Culture=neutral, PublicKeyToken=b03f5f7f11d50a3a" className="TestCRCLibrary.DoubleKeyDictionaryTest, TestCRCLibrary, Version=1.0.0.0, Culture=neutral, PublicKeyToken=null" name="GetTwoValueTest" />
    </UnitTest>
    <UnitTest name="KeysTwoTest" storage="d:\documents\github\library\testcrclibrary\bin\debug\testcrclibrary.dll" id="50994e70-9b7e-e7e4-d350-1886cc4d90f0">
      <Execution id="52fac787-b4ef-4ef4-bf86-63f92401a1eb" />
      <TestMethod codeBase="D:/Documents/GitHub/Library/TestCRCLibrary/bin/Debug/TestCRCLibrary.DLL" adapterTypeName="Microsoft.VisualStudio.TestTools.TestTypes.Unit.UnitTestAdapter, Microsoft.VisualStudio.QualityTools.Tips.UnitTest.Adapter, Version=10.0.0.0, Culture=neutral, PublicKeyToken=b03f5f7f11d50a3a" className="TestCRCLibrary.DoubleKeyDictionaryTest, TestCRCLibrary, Version=1.0.0.0, Culture=neutral, PublicKeyToken=null" name="KeysTwoTest" />
    </UnitTest>
    <UnitTest name="DoubleKeyDictionaryConstructorTest" storage="d:\documents\github\library\testcrclibrary\bin\debug\testcrclibrary.dll" id="1f6f77c7-2d47-0710-4dcb-b0145b30ebaa">
      <Execution id="8f85cf47-866d-4182-8b43-e2372b7b277a" />
      <TestMethod codeBase="D:/Documents/GitHub/Library/TestCRCLibrary/bin/Debug/TestCRCLibrary.DLL" adapterTypeName="Microsoft.VisualStudio.TestTools.TestTypes.Unit.UnitTestAdapter, Microsoft.VisualStudio.QualityTools.Tips.UnitTest.Adapter, Version=10.0.0.0, Culture=neutral, PublicKeyToken=b03f5f7f11d50a3a" className="TestCRCLibrary.DoubleKeyDictionaryTest, TestCRCLibrary, Version=1.0.0.0, Culture=neutral, PublicKeyToken=null" name="DoubleKeyDictionaryConstructorTest" />
    </UnitTest>
    <UnitTest name="SetTwoValueTest" storage="d:\documents\github\library\testcrclibrary\bin\debug\testcrclibrary.dll" id="fba52ecd-62a0-929d-d202-df2156b8bb48">
      <Execution id="eaacadef-3f26-40f7-b1eb-aaab6ab955a3" />
      <TestMethod codeBase="D:/Documents/GitHub/Library/TestCRCLibrary/bin/Debug/TestCRCLibrary.DLL" adapterTypeName="Microsoft.VisualStudio.TestTools.TestTypes.Unit.UnitTestAdapter, Microsoft.VisualStudio.QualityTools.Tips.UnitTest.Adapter, Version=10.0.0.0, Culture=neutral, PublicKeyToken=b03f5f7f11d50a3a" className="TestCRCLibrary.DoubleKeyDictionaryTest, TestCRCLibrary, Version=1.0.0.0, Culture=neutral, PublicKeyToken=null" name="SetTwoValueTest" />
    </UnitTest>
    <UnitTest name="IsReadOnlyTest" storage="d:\documents\github\library\testcrclibrary\bin\debug\testcrclibrary.dll" id="f4360abe-b907-39a7-f9a0-9c7f29962bbf">
      <Execution id="c72cc4a5-8556-478a-a710-d8f1e17a9c84" />
      <TestMethod codeBase="D:/Documents/GitHub/Library/TestCRCLibrary/bin/Debug/TestCRCLibrary.DLL" adapterTypeName="Microsoft.VisualStudio.TestTools.TestTypes.Unit.UnitTestAdapter, Microsoft.VisualStudio.QualityTools.Tips.UnitTest.Adapter, Version=10.0.0.0, Culture=neutral, PublicKeyToken=b03f5f7f11d50a3a" className="TestCRCLibrary.DoubleKeyDictionaryTest, TestCRCLibrary, Version=1.0.0.0, Culture=neutral, PublicKeyToken=null" name="IsReadOnlyTest" />
    </UnitTest>
    <UnitTest name="RemoveTwoTest" storage="d:\documents\github\library\testcrclibrary\bin\debug\testcrclibrary.dll" id="fc5d65be-c4b7-c7ac-9c58-54d23110da25">
      <Execution id="442277b1-395a-4d5e-800e-e9e95e31f970" />
      <TestMethod codeBase="D:/Documents/GitHub/Library/TestCRCLibrary/bin/Debug/TestCRCLibrary.DLL" adapterTypeName="Microsoft.VisualStudio.TestTools.TestTypes.Unit.UnitTestAdapter, Microsoft.VisualStudio.QualityTools.Tips.UnitTest.Adapter, Version=10.0.0.0, Culture=neutral, PublicKeyToken=b03f5f7f11d50a3a" className="TestCRCLibrary.DoubleKeyDictionaryTest, TestCRCLibrary, Version=1.0.0.0, Culture=neutral, PublicKeyToken=null" name="RemoveTwoTest" />
    </UnitTest>
    <UnitTest name="CountTest" storage="d:\documents\github\library\testcrclibrary\bin\debug\testcrclibrary.dll" id="a7fe6c26-0623-e44e-31b8-ef7a5b9a4a08">
      <Execution id="70d6a0b3-6a37-46a6-9d00-b237cf6fc3cd" />
      <TestMethod codeBase="D:/Documents/GitHub/Library/TestCRCLibrary/bin/Debug/TestCRCLibrary.DLL" adapterTypeName="Microsoft.VisualStudio.TestTools.TestTypes.Unit.UnitTestAdapter, Microsoft.VisualStudio.QualityTools.Tips.UnitTest.Adapter, Version=10.0.0.0, Culture=neutral, PublicKeyToken=b03f5f7f11d50a3a" className="TestCRCLibrary.DoubleKeyDictionaryTest, TestCRCLibrary, Version=1.0.0.0, Culture=neutral, PublicKeyToken=null" name="CountTest" />
    </UnitTest>
    <UnitTest name="ContainsKeyTwoTest" storage="d:\documents\github\library\testcrclibrary\bin\debug\testcrclibrary.dll" id="e42fed48-875f-4a9e-0345-fba3f0f9e432">
      <Execution id="219f72b5-2ace-43fc-9133-6d0dd124077c" />
      <TestMethod codeBase="D:/Documents/GitHub/Library/TestCRCLibrary/bin/Debug/TestCRCLibrary.DLL" adapterTypeName="Microsoft.VisualStudio.TestTools.TestTypes.Unit.UnitTestAdapter, Microsoft.VisualStudio.QualityTools.Tips.UnitTest.Adapter, Version=10.0.0.0, Culture=neutral, PublicKeyToken=b03f5f7f11d50a3a" className="TestCRCLibrary.DoubleKeyDictionaryTest, TestCRCLibrary, Version=1.0.0.0, Culture=neutral, PublicKeyToken=null" name="ContainsKeyTwoTest" />
    </UnitTest>
    <UnitTest name="GetOneValueTest" storage="d:\documents\github\library\testcrclibrary\bin\debug\testcrclibrary.dll" id="9f0c02c1-741c-d76d-91c9-6c941adee950">
      <Execution id="4438f868-5e40-48bb-8b43-9cc8fca8801c" />
      <TestMethod codeBase="D:/Documents/GitHub/Library/TestCRCLibrary/bin/Debug/TestCRCLibrary.DLL" adapterTypeName="Microsoft.VisualStudio.TestTools.TestTypes.Unit.UnitTestAdapter, Microsoft.VisualStudio.QualityTools.Tips.UnitTest.Adapter, Version=10.0.0.0, Culture=neutral, PublicKeyToken=b03f5f7f11d50a3a" className="TestCRCLibrary.DoubleKeyDictionaryTest, TestCRCLibrary, Version=1.0.0.0, Culture=neutral, PublicKeyToken=null" name="GetOneValueTest" />
    </UnitTest>
    <UnitTest name="GetEnumeratorTwoTest" storage="d:\documents\github\library\testcrclibrary\bin\debug\testcrclibrary.dll" id="420229dc-f827-00be-7908-75d0f1ca5dfe">
      <Execution id="ee01cd53-33a4-433a-91ec-ab21dadca493" />
      <TestMethod codeBase="D:/Documents/GitHub/Library/TestCRCLibrary/bin/Debug/TestCRCLibrary.DLL" adapterTypeName="Microsoft.VisualStudio.TestTools.TestTypes.Unit.UnitTestAdapter, Microsoft.VisualStudio.QualityTools.Tips.UnitTest.Adapter, Version=10.0.0.0, Culture=neutral, PublicKeyToken=b03f5f7f11d50a3a" className="TestCRCLibrary.DoubleKeyDictionaryTest, TestCRCLibrary, Version=1.0.0.0, Culture=neutral, PublicKeyToken=null" name="GetEnumeratorTwoTest" />
    </UnitTest>
    <UnitTest name="TryGetValueTest" storage="d:\documents\github\library\testcrclibrary\bin\debug\testcrclibrary.dll" id="fc2a6da0-65b6-eca3-2187-e2d86fe1c25f">
      <Execution id="067bbfda-0551-41b4-bfed-9d73c4f18af3" />
      <TestMethod codeBase="D:/Documents/GitHub/Library/TestCRCLibrary/bin/Debug/TestCRCLibrary.DLL" adapterTypeName="Microsoft.VisualStudio.TestTools.TestTypes.Unit.UnitTestAdapter, Microsoft.VisualStudio.QualityTools.Tips.UnitTest.Adapter, Version=10.0.0.0, Culture=neutral, PublicKeyToken=b03f5f7f11d50a3a" className="TestCRCLibrary.DoubleKeyDictionaryTest, TestCRCLibrary, Version=1.0.0.0, Culture=neutral, PublicKeyToken=null" name="TryGetValueTest" />
    </UnitTest>
    <UnitTest name="ValuesTest" storage="d:\documents\github\library\testcrclibrary\bin\debug\testcrclibrary.dll" id="1bf91859-540c-b7cc-00cc-23d58f8ae5af">
      <Execution id="191d9cc9-5db3-448a-ad3b-dced3dffb381" />
      <TestMethod codeBase="D:/Documents/GitHub/Library/TestCRCLibrary/bin/Debug/TestCRCLibrary.DLL" adapterTypeName="Microsoft.VisualStudio.TestTools.TestTypes.Unit.UnitTestAdapter, Microsoft.VisualStudio.QualityTools.Tips.UnitTest.Adapter, Version=10.0.0.0, Culture=neutral, PublicKeyToken=b03f5f7f11d50a3a" className="TestCRCLibrary.DoubleKeyDictionaryTest, TestCRCLibrary, Version=1.0.0.0, Culture=neutral, PublicKeyToken=null" name="ValuesTest" />
    </UnitTest>
    <UnitTest name="RemoveOneTest" storage="d:\documents\github\library\testcrclibrary\bin\debug\testcrclibrary.dll" id="33ecc17f-8c6a-bd99-526f-af623d0e9aca">
      <Execution id="e3f98c9b-a39b-4721-90b6-eb798082897b" />
      <TestMethod codeBase="D:/Documents/GitHub/Library/TestCRCLibrary/bin/Debug/TestCRCLibrary.DLL" adapterTypeName="Microsoft.VisualStudio.TestTools.TestTypes.Unit.UnitTestAdapter, Microsoft.VisualStudio.QualityTools.Tips.UnitTest.Adapter, Version=10.0.0.0, Culture=neutral, PublicKeyToken=b03f5f7f11d50a3a" className="TestCRCLibrary.DoubleKeyDictionaryTest, TestCRCLibrary, Version=1.0.0.0, Culture=neutral, PublicKeyToken=null" name="RemoveOneTest" />
    </UnitTest>
    <UnitTest name="ContainsKeyOneTest" storage="d:\documents\github\library\testcrclibrary\bin\debug\testcrclibrary.dll" id="c6e5ebb2-9be5-8a2b-b22e-2aa0aa232ad9">
      <Execution id="ad9df933-cf0c-44af-9ed5-1d5d1555754b" />
      <TestMethod codeBase="D:/Documents/GitHub/Library/TestCRCLibrary/bin/Debug/TestCRCLibrary.DLL" adapterTypeName="Microsoft.VisualStudio.TestTools.TestTypes.Unit.UnitTestAdapter, Microsoft.VisualStudio.QualityTools.Tips.UnitTest.Adapter, Version=10.0.0.0, Culture=neutral, PublicKeyToken=b03f5f7f11d50a3a" className="TestCRCLibrary.DoubleKeyDictionaryTest, TestCRCLibrary, Version=1.0.0.0, Culture=neutral, PublicKeyToken=null" name="ContainsKeyOneTest" />
    </UnitTest>
  </TestDefinitions>
  <TestLists>
    <TestList name="列表中未列出的结果" id="8c84fa94-04c1-424b-9868-57a2d4851a1d" />
    <TestList name="所有已加载的结果" id="19431567-8539-422a-85d7-44ee4e166bda" />
  </TestLists>
  <TestEntries>
    <TestEntry testId="1bf91859-540c-b7cc-00cc-23d58f8ae5af" executionId="191d9cc9-5db3-448a-ad3b-dced3dffb381" testListId="8c84fa94-04c1-424b-9868-57a2d4851a1d" />
    <TestEntry testId="1f6f77c7-2d47-0710-4dcb-b0145b30ebaa" executionId="8f85cf47-866d-4182-8b43-e2372b7b277a" testListId="8c84fa94-04c1-424b-9868-57a2d4851a1d" />
    <TestEntry testId="2b4ef174-c462-097c-6a3e-1aa16ce8aa1f" executionId="3412b209-766d-4605-ba7c-36930d384aa2" testListId="8c84fa94-04c1-424b-9868-57a2d4851a1d" />
    <TestEntry testId="33ecc17f-8c6a-bd99-526f-af623d0e9aca" executionId="e3f98c9b-a39b-4721-90b6-eb798082897b" testListId="8c84fa94-04c1-424b-9868-57a2d4851a1d" />
    <TestEntry testId="3a310c4f-f79c-b2c6-77f5-19ee42eb9a46" executionId="8ac78e55-b850-4b20-8e42-2b204267b899" testListId="8c84fa94-04c1-424b-9868-57a2d4851a1d" />
    <TestEntry testId="420229dc-f827-00be-7908-75d0f1ca5dfe" executionId="ee01cd53-33a4-433a-91ec-ab21dadca493" testListId="8c84fa94-04c1-424b-9868-57a2d4851a1d" />
    <TestEntry testId="4e487412-a84f-5407-14fb-b97267209e13" executionId="27f34f9d-3f0a-4f4d-a63d-f1cacf92bb0a" testListId="8c84fa94-04c1-424b-9868-57a2d4851a1d" />
    <TestEntry testId="50994e70-9b7e-e7e4-d350-1886cc4d90f0" executionId="52fac787-b4ef-4ef4-bf86-63f92401a1eb" testListId="8c84fa94-04c1-424b-9868-57a2d4851a1d" />
    <TestEntry testId="5eb80387-92b2-640e-e81d-00d44d8d438c" executionId="3889977a-c412-4c1c-9f37-194786d53713" testListId="8c84fa94-04c1-424b-9868-57a2d4851a1d" />
    <TestEntry testId="91e03d4a-dcf5-2ebb-028c-a5f44700fe4c" executionId="2c59d266-c67f-448d-8dea-4eb2b2d94c11" testListId="8c84fa94-04c1-424b-9868-57a2d4851a1d" />
    <TestEntry testId="9f0c02c1-741c-d76d-91c9-6c941adee950" executionId="4438f868-5e40-48bb-8b43-9cc8fca8801c" testListId="8c84fa94-04c1-424b-9868-57a2d4851a1d" />
    <TestEntry testId="a7fe6c26-0623-e44e-31b8-ef7a5b9a4a08" executionId="70d6a0b3-6a37-46a6-9d00-b237cf6fc3cd" testListId="8c84fa94-04c1-424b-9868-57a2d4851a1d" />
    <TestEntry testId="c0f12b05-9fcc-a16b-8cc9-7357b1f8ed6a" executionId="47c362ac-ed6f-4e3e-a49c-adf0dc2e31ae" testListId="8c84fa94-04c1-424b-9868-57a2d4851a1d" />
    <TestEntry testId="c6e5ebb2-9be5-8a2b-b22e-2aa0aa232ad9" executionId="ad9df933-cf0c-44af-9ed5-1d5d1555754b" testListId="8c84fa94-04c1-424b-9868-57a2d4851a1d" />
    <TestEntry testId="e42fed48-875f-4a9e-0345-fba3f0f9e432" executionId="219f72b5-2ace-43fc-9133-6d0dd124077c" testListId="8c84fa94-04c1-424b-9868-57a2d4851a1d" />
    <TestEntry testId="f4360abe-b907-39a7-f9a0-9c7f29962bbf" executionId="c72cc4a5-8556-478a-a710-d8f1e17a9c84" testListId="8c84fa94-04c1-424b-9868-57a2d4851a1d" />
    <TestEntry testId="fba52ecd-62a0-929d-d202-df2156b8bb48" executionId="eaacadef-3f26-40f7-b1eb-aaab6ab955a3" testListId="8c84fa94-04c1-424b-9868-57a2d4851a1d" />
    <TestEntry testId="fc2a6da0-65b6-eca3-2187-e2d86fe1c25f" executionId="067bbfda-0551-41b4-bfed-9d73c4f18af3" testListId="8c84fa94-04c1-424b-9868-57a2d4851a1d" />
    <TestEntry testId="fc5d65be-c4b7-c7ac-9c58-54d23110da25" executionId="442277b1-395a-4d5e-800e-e9e95e31f970" testListId="8c84fa94-04c1-424b-9868-57a2d4851a1d" />
  </TestEntries>
  <Results>
    <UnitTestResult executionId="191d9cc9-5db3-448a-ad3b-dced3dffb381" testId="1bf91859-540c-b7cc-00cc-23d58f8ae5af" testName="ValuesTest" computerName="NU1NB2RSNIYL0VA" duration="00:00:00.0139098" startTime="2013-11-21T15:09:43.3647812+08:00" endTime="2013-11-21T15:09:43.5567922+08:00" testType="13cdc9d9-ddb5-4fa4-a97d-d965ccfc6d4b" outcome="Passed" testListId="8c84fa94-04c1-424b-9868-57a2d4851a1d" relativeResultsDirectory="191d9cc9-5db3-448a-ad3b-dced3dffb381">
    </UnitTestResult>
    <UnitTestResult executionId="8f85cf47-866d-4182-8b43-e2372b7b277a" testId="1f6f77c7-2d47-0710-4dcb-b0145b30ebaa" testName="DoubleKeyDictionaryConstructorTest" computerName="NU1NB2RSNIYL0VA" duration="00:00:00.0002071" startTime="2013-11-21T15:09:43.5567922+08:00" endTime="2013-11-21T15:09:43.5587923+08:00" testType="13cdc9d9-ddb5-4fa4-a97d-d965ccfc6d4b" outcome="Passed" testListId="8c84fa94-04c1-424b-9868-57a2d4851a1d" relativeResultsDirectory="8f85cf47-866d-4182-8b43-e2372b7b277a">
    </UnitTestResult>
    <UnitTestResult executionId="3412b209-766d-4605-ba7c-36930d384aa2" testId="2b4ef174-c462-097c-6a3e-1aa16ce8aa1f" testName="SetOneValueTest" computerName="NU1NB2RSNIYL0VA" duration="00:00:00.0010192" startTime="2013-11-21T15:09:43.5597924+08:00" endTime="2013-11-21T15:09:43.5617925+08:00" testType="13cdc9d9-ddb5-4fa4-a97d-d965ccfc6d4b" outcome="Passed" testListId="8c84fa94-04c1-424b-9868-57a2d4851a1d" relativeResultsDirectory="3412b209-766d-4605-ba7c-36930d384aa2">
    </UnitTestResult>
    <UnitTestResult executionId="e3f98c9b-a39b-4721-90b6-eb798082897b" testId="33ecc17f-8c6a-bd99-526f-af623d0e9aca" testName="RemoveOneTest" computerName="NU1NB2RSNIYL0VA" duration="00:00:00.0005461" startTime="2013-11-21T15:09:43.5627925+08:00" endTime="2013-11-21T15:09:43.5647927+08:00" testType="13cdc9d9-ddb5-4fa4-a97d-d965ccfc6d4b" outcome="Passed" testListId="8c84fa94-04c1-424b-9868-57a2d4851a1d" relativeResultsDirectory="e3f98c9b-a39b-4721-90b6-eb798082897b">
    </UnitTestResult>
    <UnitTestResult executionId="8ac78e55-b850-4b20-8e42-2b204267b899" testId="3a310c4f-f79c-b2c6-77f5-19ee42eb9a46" testName="GetEnumeratorOneTest" computerName="NU1NB2RSNIYL0VA" duration="00:00:00.0009720" startTime="2013-11-21T15:09:43.5647927+08:00" endTime="2013-11-21T15:09:43.5677928+08:00" testType="13cdc9d9-ddb5-4fa4-a97d-d965ccfc6d4b" outcome="Passed" testListId="8c84fa94-04c1-424b-9868-57a2d4851a1d" relativeResultsDirectory="8ac78e55-b850-4b20-8e42-2b204267b899">
    </UnitTestResult>
    <UnitTestResult executionId="ee01cd53-33a4-433a-91ec-ab21dadca493" testId="420229dc-f827-00be-7908-75d0f1ca5dfe" testName="GetEnumeratorTwoTest" computerName="NU1NB2RSNIYL0VA" duration="00:00:00.0000679" startTime="2013-11-21T15:09:43.5677928+08:00" endTime="2013-11-21T15:09:43.5687929+08:00" testType="13cdc9d9-ddb5-4fa4-a97d-d965ccfc6d4b" outcome="Passed" testListId="8c84fa94-04c1-424b-9868-57a2d4851a1d" relativeResultsDirectory="ee01cd53-33a4-433a-91ec-ab21dadca493">
    </UnitTestResult>
    <UnitTestResult executionId="27f34f9d-3f0a-4f4d-a63d-f1cacf92bb0a" testId="4e487412-a84f-5407-14fb-b97267209e13" testName="AddTest" computerName="NU1NB2RSNIYL0VA" duration="00:00:00.0003107" startTime="2013-11-21T15:09:43.5697929+08:00" endTime="2013-11-21T15:09:43.5717931+08:00" testType="13cdc9d9-ddb5-4fa4-a97d-d965ccfc6d4b" outcome="Passed" testListId="8c84fa94-04c1-424b-9868-57a2d4851a1d" relativeResultsDirectory="27f34f9d-3f0a-4f4d-a63d-f1cacf92bb0a">
    </UnitTestResult>
    <UnitTestResult executionId="52fac787-b4ef-4ef4-bf86-63f92401a1eb" testId="50994e70-9b7e-e7e4-d350-1886cc4d90f0" testName="KeysTwoTest" computerName="NU1NB2RSNIYL0VA" duration="00:00:00.0003162" startTime="2013-11-21T15:09:43.5717931+08:00" endTime="2013-11-21T15:09:43.5737932+08:00" testType="13cdc9d9-ddb5-4fa4-a97d-d965ccfc6d4b" outcome="Passed" testListId="8c84fa94-04c1-424b-9868-57a2d4851a1d" relativeResultsDirectory="52fac787-b4ef-4ef4-bf86-63f92401a1eb">
    </UnitTestResult>
    <UnitTestResult executionId="3889977a-c412-4c1c-9f37-194786d53713" testId="5eb80387-92b2-640e-e81d-00d44d8d438c" testName="ClearTest" computerName="NU1NB2RSNIYL0VA" duration="00:00:00.0003412" startTime="2013-11-21T15:09:43.5737932+08:00" endTime="2013-11-21T15:09:43.5757933+08:00" testType="13cdc9d9-ddb5-4fa4-a97d-d965ccfc6d4b" outcome="Passed" testListId="8c84fa94-04c1-424b-9868-57a2d4851a1d" relativeResultsDirectory="3889977a-c412-4c1c-9f37-194786d53713">
    </UnitTestResult>
    <UnitTestResult executionId="2c59d266-c67f-448d-8dea-4eb2b2d94c11" testId="91e03d4a-dcf5-2ebb-028c-a5f44700fe4c" testName="KeysOneTest" computerName="NU1NB2RSNIYL0VA" duration="00:00:00.0003104" startTime="2013-11-21T15:09:43.5757933+08:00" endTime="2013-11-21T15:09:43.5777934+08:00" testType="13cdc9d9-ddb5-4fa4-a97d-d965ccfc6d4b" outcome="Passed" testListId="8c84fa94-04c1-424b-9868-57a2d4851a1d" relativeResultsDirectory="2c59d266-c67f-448d-8dea-4eb2b2d94c11">
    </UnitTestResult>
    <UnitTestResult executionId="4438f868-5e40-48bb-8b43-9cc8fca8801c" testId="9f0c02c1-741c-d76d-91c9-6c941adee950" testName="GetOneValueTest" computerName="NU1NB2RSNIYL0VA" duration="00:00:00.0001610" startTime="2013-11-21T15:09:43.5787935+08:00" endTime="2013-11-21T15:09:43.5797935+08:00" testType="13cdc9d9-ddb5-4fa4-a97d-d965ccfc6d4b" outcome="Passed" testListId="8c84fa94-04c1-424b-9868-57a2d4851a1d" relativeResultsDirectory="4438f868-5e40-48bb-8b43-9cc8fca8801c">
    </UnitTestResult>
    <UnitTestResult executionId="70d6a0b3-6a37-46a6-9d00-b237cf6fc3cd" testId="a7fe6c26-0623-e44e-31b8-ef7a5b9a4a08" testName="CountTest" computerName="NU1NB2RSNIYL0VA" duration="00:00:00.0001488" startTime="2013-11-21T15:09:43.5807936+08:00" endTime="2013-11-21T15:09:43.5827937+08:00" testType="13cdc9d9-ddb5-4fa4-a97d-d965ccfc6d4b" outcome="Passed" testListId="8c84fa94-04c1-424b-9868-57a2d4851a1d" relativeResultsDirectory="70d6a0b3-6a37-46a6-9d00-b237cf6fc3cd">
    </UnitTestResult>
    <UnitTestResult executionId="47c362ac-ed6f-4e3e-a49c-adf0dc2e31ae" testId="c0f12b05-9fcc-a16b-8cc9-7357b1f8ed6a" testName="GetTwoValueTest" computerName="NU1NB2RSNIYL0VA" duration="00:00:00.0001786" startTime="2013-11-21T15:09:43.5827937+08:00" endTime="2013-11-21T15:09:43.5847938+08:00" testType="13cdc9d9-ddb5-4fa4-a97d-d965ccfc6d4b" outcome="Passed" testListId="8c84fa94-04c1-424b-9868-57a2d4851a1d" relativeResultsDirectory="47c362ac-ed6f-4e3e-a49c-adf0dc2e31ae">
    </UnitTestResult>
    <UnitTestResult executionId="ad9df933-cf0c-44af-9ed5-1d5d1555754b" testId="c6e5ebb2-9be5-8a2b-b22e-2aa0aa232ad9" testName="ContainsKeyOneTest" computerName="NU1NB2RSNIYL0VA" duration="00:00:00.0001645" startTime="2013-11-21T15:09:43.5847938+08:00" endTime="2013-11-21T15:09:43.5867939+08:00" testType="13cdc9d9-ddb5-4fa4-a97d-d965ccfc6d4b" outcome="Passed" testListId="8c84fa94-04c1-424b-9868-57a2d4851a1d" relativeResultsDirectory="ad9df933-cf0c-44af-9ed5-1d5d1555754b">
    </UnitTestResult>
    <UnitTestResult executionId="219f72b5-2ace-43fc-9133-6d0dd124077c" testId="e42fed48-875f-4a9e-0345-fba3f0f9e432" testName="ContainsKeyTwoTest" computerName="NU1NB2RSNIYL0VA" duration="00:00:00.0202062" startTime="2013-11-21T15:09:43.5867939+08:00" endTime="2013-11-21T15:09:43.6087952+08:00" testType="13cdc9d9-ddb5-4fa4-a97d-d965ccfc6d4b" outcome="Failed" testListId="8c84fa94-04c1-424b-9868-57a2d4851a1d" relativeResultsDirectory="219f72b5-2ace-43fc-9133-6d0dd124077c">
      <Output>
        <ErrorInfo>
          <Message>Assert.IsFalse 失败。</Message>
          <StackTrace>   在 TestCRCLibrary.AssertExtension.IsFalse(Boolean obj) 位置 D:\Documents\GitHub\Library\TestCRCLibrary\Util\AssertExtension.cs:行号 151
   在 TestCRCLibrary.DoubleKeyDictionaryTest.ContainsKeyTwoTest() 位置 D:\Documents\GitHub\Library\TestCRCLibrary\DoubleKeyDictionaryTest.cs:行号 135
</StackTrace>
        </ErrorInfo>
      </Output>
    </UnitTestResult>
    <UnitTestResult executionId="c72cc4a5-8556-478a-a710-d8f1e17a9c84" testId="f4360abe-b907-39a7-f9a0-9c7f29962bbf" testName="IsReadOnlyTest" computerName="NU1NB2RSNIYL0VA" duration="00:00:00.0001930" startTime="2013-11-21T15:09:43.6097952+08:00" endTime="2013-11-21T15:09:43.6117953+08:00" testType="13cdc9d9-ddb5-4fa4-a97d-d965ccfc6d4b" outcome="Passed" testListId="8c84fa94-04c1-424b-9868-57a2d4851a1d" relativeResultsDirectory="c72cc4a5-8556-478a-a710-d8f1e17a9c84">
    </UnitTestResult>
    <UnitTestResult executionId="eaacadef-3f26-40f7-b1eb-aaab6ab955a3" testId="fba52ecd-62a0-929d-d202-df2156b8bb48" testName="SetTwoValueTest" computerName="NU1NB2RSNIYL0VA" duration="00:00:00.0005538" startTime="2013-11-21T15:09:43.6127954+08:00" endTime="2013-11-21T15:09:43.6147955+08:00" testType="13cdc9d9-ddb5-4fa4-a97d-d965ccfc6d4b" outcome="Passed" testListId="8c84fa94-04c1-424b-9868-57a2d4851a1d" relativeResultsDirectory="eaacadef-3f26-40f7-b1eb-aaab6ab955a3">
    </UnitTestResult>
    <UnitTestResult executionId="067bbfda-0551-41b4-bfed-9d73c4f18af3" testId="fc2a6da0-65b6-eca3-2187-e2d86fe1c25f" testName="TryGetValueTest" computerName="NU1NB2RSNIYL0VA" duration="00:00:00.0005695" startTime="2013-11-21T15:09:43.6157956+08:00" endTime="2013-11-21T15:09:43.6187957+08:00" testType="13cdc9d9-ddb5-4fa4-a97d-d965ccfc6d4b" outcome="Passed" testListId="8c84fa94-04c1-424b-9868-57a2d4851a1d" relativeResultsDirectory="067bbfda-0551-41b4-bfed-9d73c4f18af3">
    </UnitTestResult>
    <UnitTestResult executionId="442277b1-395a-4d5e-800e-e9e95e31f970" testId="fc5d65be-c4b7-c7ac-9c58-54d23110da25" testName="RemoveTwoTest" computerName="NU1NB2RSNIYL0VA" duration="00:00:00.0004624" startTime="2013-11-21T15:09:43.6187957+08:00" endTime="2013-11-21T15:09:43.6207959+08:00" testType="13cdc9d9-ddb5-4fa4-a97d-d965ccfc6d4b" outcome="Passed" testListId="8c84fa94-04c1-424b-9868-57a2d4851a1d" relativeResultsDirectory="442277b1-395a-4d5e-800e-e9e95e31f970">
    </UnitTestResult>
  </Results>
</TestRun>